stm32f0xx_hal_smbus.c:276:19:HAL_SMBUS_Init	16	static
stm32f0xx_hal_smbus.c:396:19:HAL_SMBUS_DeInit	16	static
stm32f0xx_hal_smbus.c:441:13:HAL_SMBUS_MspInit	16	static
stm32f0xx_hal_smbus.c:457:13:HAL_SMBUS_MspDeInit	16	static
stm32f0xx_hal_smbus.c:476:19:HAL_SMBUS_ConfigAnalogFilter	16	static
stm32f0xx_hal_smbus.c:520:19:HAL_SMBUS_ConfigDigitalFilter	24	static
stm32f0xx_hal_smbus.c:917:19:HAL_SMBUS_Master_Transmit_IT	48	static
stm32f0xx_hal_smbus.c:1018:19:HAL_SMBUS_Master_Receive_IT	48	static
stm32f0xx_hal_smbus.c:1110:19:HAL_SMBUS_Master_Abort_IT	24	static
stm32f0xx_hal_smbus.c:1175:19:HAL_SMBUS_Slave_Transmit_IT	32	static
stm32f0xx_hal_smbus.c:1271:19:HAL_SMBUS_Slave_Receive_IT	32	static
stm32f0xx_hal_smbus.c:1350:19:HAL_SMBUS_EnableListen_IT	16	static
stm32f0xx_hal_smbus.c:1366:19:HAL_SMBUS_DisableListen_IT	16	static
stm32f0xx_hal_smbus.c:1390:19:HAL_SMBUS_EnableAlert_IT	16	static
stm32f0xx_hal_smbus.c:1409:19:HAL_SMBUS_DisableAlert_IT	16	static
stm32f0xx_hal_smbus.c:1430:19:HAL_SMBUS_IsDeviceReady	40	static
